Archive member included to satisfy reference by file (symbol)

C:/Program Files/arm-gnu-toolchain-14.3.rel1-mingw-w64-x86_64-arm-none-eabi/bin/../lib/gcc/arm-none-eabi/14.3.1/../../../../arm-none-eabi/lib/thumb/v7e-m+fp/hard\libc_nano.a(libc_a-exit.o)
                              C:/Program Files/arm-gnu-toolchain-14.3.rel1-mingw-w64-x86_64-arm-none-eabi/bin/../lib/gcc/arm-none-eabi/14.3.1/../../../../arm-none-eabi/lib/thumb/v7e-m+fp/hard/crt0.o (exit)
C:/Program Files/arm-gnu-toolchain-14.3.rel1-mingw-w64-x86_64-arm-none-eabi/bin/../lib/gcc/arm-none-eabi/14.3.1/../../../../arm-none-eabi/lib/thumb/v7e-m+fp/hard\libc_nano.a(libc_a-findfp.o)
                              C:/Program Files/arm-gnu-toolchain-14.3.rel1-mingw-w64-x86_64-arm-none-eabi/bin/../lib/gcc/arm-none-eabi/14.3.1/../../../../arm-none-eabi/lib/thumb/v7e-m+fp/hard\libc_nano.a(libc_a-exit.o) (__stdio_exit_handler)
C:/Program Files/arm-gnu-toolchain-14.3.rel1-mingw-w64-x86_64-arm-none-eabi/bin/../lib/gcc/arm-none-eabi/14.3.1/../../../../arm-none-eabi/lib/thumb/v7e-m+fp/hard\libc_nano.a(libc_a-fwalk.o)
                              C:/Program Files/arm-gnu-toolchain-14.3.rel1-mingw-w64-x86_64-arm-none-eabi/bin/../lib/gcc/arm-none-eabi/14.3.1/../../../../arm-none-eabi/lib/thumb/v7e-m+fp/hard\libc_nano.a(libc_a-findfp.o) (_fwalk_sglue)
C:/Program Files/arm-gnu-toolchain-14.3.rel1-mingw-w64-x86_64-arm-none-eabi/bin/../lib/gcc/arm-none-eabi/14.3.1/../../../../arm-none-eabi/lib/thumb/v7e-m+fp/hard\libc_nano.a(libc_a-stdio.o)
                              C:/Program Files/arm-gnu-toolchain-14.3.rel1-mingw-w64-x86_64-arm-none-eabi/bin/../lib/gcc/arm-none-eabi/14.3.1/../../../../arm-none-eabi/lib/thumb/v7e-m+fp/hard\libc_nano.a(libc_a-findfp.o) (__sread)
C:/Program Files/arm-gnu-toolchain-14.3.rel1-mingw-w64-x86_64-arm-none-eabi/bin/../lib/gcc/arm-none-eabi/14.3.1/../../../../arm-none-eabi/lib/thumb/v7e-m+fp/hard\libc_nano.a(libc_a-memset.o)
                              C:/Program Files/arm-gnu-toolchain-14.3.rel1-mingw-w64-x86_64-arm-none-eabi/bin/../lib/gcc/arm-none-eabi/14.3.1/../../../../arm-none-eabi/lib/thumb/v7e-m+fp/hard/crt0.o (memset)
C:/Program Files/arm-gnu-toolchain-14.3.rel1-mingw-w64-x86_64-arm-none-eabi/bin/../lib/gcc/arm-none-eabi/14.3.1/../../../../arm-none-eabi/lib/thumb/v7e-m+fp/hard\libc_nano.a(libc_a-closer.o)
                              C:/Program Files/arm-gnu-toolchain-14.3.rel1-mingw-w64-x86_64-arm-none-eabi/bin/../lib/gcc/arm-none-eabi/14.3.1/../../../../arm-none-eabi/lib/thumb/v7e-m+fp/hard\libc_nano.a(libc_a-stdio.o) (_close_r)
C:/Program Files/arm-gnu-toolchain-14.3.rel1-mingw-w64-x86_64-arm-none-eabi/bin/../lib/gcc/arm-none-eabi/14.3.1/../../../../arm-none-eabi/lib/thumb/v7e-m+fp/hard\libc_nano.a(libc_a-reent.o)
                              C:/Program Files/arm-gnu-toolchain-14.3.rel1-mingw-w64-x86_64-arm-none-eabi/bin/../lib/gcc/arm-none-eabi/14.3.1/../../../../arm-none-eabi/lib/thumb/v7e-m+fp/hard\libc_nano.a(libc_a-closer.o) (errno)
C:/Program Files/arm-gnu-toolchain-14.3.rel1-mingw-w64-x86_64-arm-none-eabi/bin/../lib/gcc/arm-none-eabi/14.3.1/../../../../arm-none-eabi/lib/thumb/v7e-m+fp/hard\libc_nano.a(libc_a-impure.o)
                              C:/Program Files/arm-gnu-toolchain-14.3.rel1-mingw-w64-x86_64-arm-none-eabi/bin/../lib/gcc/arm-none-eabi/14.3.1/../../../../arm-none-eabi/lib/thumb/v7e-m+fp/hard\libc_nano.a(libc_a-reent.o) (_impure_ptr)
C:/Program Files/arm-gnu-toolchain-14.3.rel1-mingw-w64-x86_64-arm-none-eabi/bin/../lib/gcc/arm-none-eabi/14.3.1/../../../../arm-none-eabi/lib/thumb/v7e-m+fp/hard\libc_nano.a(libc_a-lseekr.o)
                              C:/Program Files/arm-gnu-toolchain-14.3.rel1-mingw-w64-x86_64-arm-none-eabi/bin/../lib/gcc/arm-none-eabi/14.3.1/../../../../arm-none-eabi/lib/thumb/v7e-m+fp/hard\libc_nano.a(libc_a-stdio.o) (_lseek_r)
C:/Program Files/arm-gnu-toolchain-14.3.rel1-mingw-w64-x86_64-arm-none-eabi/bin/../lib/gcc/arm-none-eabi/14.3.1/../../../../arm-none-eabi/lib/thumb/v7e-m+fp/hard\libc_nano.a(libc_a-readr.o)
                              C:/Program Files/arm-gnu-toolchain-14.3.rel1-mingw-w64-x86_64-arm-none-eabi/bin/../lib/gcc/arm-none-eabi/14.3.1/../../../../arm-none-eabi/lib/thumb/v7e-m+fp/hard\libc_nano.a(libc_a-stdio.o) (_read_r)
C:/Program Files/arm-gnu-toolchain-14.3.rel1-mingw-w64-x86_64-arm-none-eabi/bin/../lib/gcc/arm-none-eabi/14.3.1/../../../../arm-none-eabi/lib/thumb/v7e-m+fp/hard\libc_nano.a(libc_a-writer.o)
                              C:/Program Files/arm-gnu-toolchain-14.3.rel1-mingw-w64-x86_64-arm-none-eabi/bin/../lib/gcc/arm-none-eabi/14.3.1/../../../../arm-none-eabi/lib/thumb/v7e-m+fp/hard\libc_nano.a(libc_a-stdio.o) (_write_r)
C:/Program Files/arm-gnu-toolchain-14.3.rel1-mingw-w64-x86_64-arm-none-eabi/bin/../lib/gcc/arm-none-eabi/14.3.1/../../../../arm-none-eabi/lib/thumb/v7e-m+fp/hard\libc_nano.a(libc_a-init.o)
[...]
Memory Configuration

Name             Origin             Length             Attributes
RAM              0x20000000         0x00020000         xrw
RAM2             0x10000000         0x00008000         xrw
FLASH            0x08000000         0x00080000         xr
*default*        0x00000000         0xffffffff

Linker script and memory map

LOAD C:/Program Files/arm-gnu-toolchain-14.3.rel1-mingw-w64-x86_64-arm-none-eabi/bin/../lib/gcc/arm-none-eabi/14.3.1/thumb/v7e-m+fp/hard/crti.o
LOAD C:/Program Files/arm-gnu-toolchain-14.3.rel1-mingw-w64-x86_64-arm-none-eabi/bin/../lib/gcc/arm-none-eabi/14.3.1/thumb/v7e-m+fp/hard/crtbegin.o
LOAD C:/Program Files/arm-gnu-toolchain-14.3.rel1-mingw-w64-x86_64-arm-none-eabi/bin/../lib/gcc/arm-none-eabi/14.3.1/../../../../arm-none-eabi/lib/thumb/v7e-m+fp/hard/crt0.o
LOAD build/main.o
LOAD build/clock.o
LOAD build/lm34.o
LOAD build/drv8833.o
LOAD build/system_stm32l4xx.o
LOAD build/uart.o
LOAD build/uart1.o
LOAD build/icm20948.o
LOAD build/startup_stm32l452xx.o
LOAD C:/Program Files/arm-gnu-toolchain-14.3.rel1-mingw-w64-x86_64-arm-none-eabi/bin/../lib/gcc/arm-none-eabi/14.3.1/../../../../arm-none-eabi/lib/thumb/v7e-m+fp/hard\libc_nano.a
LOAD C:/Program Files/arm-gnu-toolchain-14.3.rel1-mingw-w64-x86_64-arm-none-eabi/bin/../lib/gcc/arm-none-eabi/14.3.1/../../../../arm-none-eabi/lib/thumb/v7e-m+fp/hard\libm.a
LOAD C:/Program Files/arm-gnu-toolchain-14.3.rel1-mingw-w64-x86_64-arm-none-eabi/bin/../lib/gcc/arm-none-eabi/14.3.1/../../../../arm-none-eabi/lib/thumb/v7e-m+fp/hard\libnosys.a
START GROUP
LOAD C:/Program Files/arm-gnu-toolchain-14.3.rel1-mingw-w64-x86_64-arm-none-eabi/bin/../lib/gcc/arm-none-eabi/14.3.1/thumb/v7e-m+fp/hard\libgcc.a
LOAD C:/Program Files/arm-gnu-toolchain-14.3.rel1-mingw-w64-x86_64-arm-none-eabi/bin/../lib/gcc/arm-none-eabi/14.3.1/../../../../arm-none-eabi/lib/thumb/v7e-m+fp/hard\libc_nano.a
END GROUP
START GROUP
LOAD C:/Program Files/arm-gnu-toolchain-14.3.rel1-mingw-w64-x86_64-arm-none-eabi/bin/../lib/gcc/arm-none-eabi/14.3.1/thumb/v7e-m+fp/hard\libgcc.a
LOAD C:/Program Files/arm-gnu-toolchain-14.3.rel1-mingw-w64-x86_64-arm-none-eabi/bin/../lib/gcc/arm-none-eabi/14.3.1/../../../../arm-none-eabi/lib/thumb/v7e-m+fp/hard\libc_nano.a
END GROUP
LOAD C:/Program Files/arm-gnu-toolchain-14.3.rel1-mingw-w64-x86_64-arm-none-eabi/bin/../lib/gcc/arm-none-eabi/14.3.1/thumb/v7e-m+fp/hard/crtend.o
LOAD C:/Program Files/arm-gnu-toolchain-14.3.rel1-mingw-w64-x86_64-arm-none-eabi/bin/../lib/gcc/arm-none-eabi/14.3.1/thumb/v7e-m+fp/hard/crtn.o
                0x20020000                        _estack = (ORIGIN (RAM) + LENGTH (RAM))
                0x00000200                        _Min_Heap_Size = 0x200
                0x00000400                        _Min_Stack_Size = 0x400

.isr_vector     0x08000000      0x198
                0x08000000                        . = ALIGN (0x8)
 *(.isr_vector)
 .isr_vector    0x08000000      0x194 build/startup_stm32l452xx.o
                0x08000000                g_pfnVectors
                0x08000198                        . = ALIGN (0x8)
 *fill*         0x08000194        0x4 

.text           0x08000198      0x7a0
                0x08000198                        . = ALIGN (0x8)
 *(.text)
 *(.text*)
 .text.deregister_tm_clones
                0x08000198       0x1c C:/Program Files/arm-gnu-toolchain-14.3.rel1-mingw-w64-x86_64-arm-none-eabi/bin/../lib/gcc/arm-none-eabi/14.3.1/thumb/v7e-m+fp/hard/crtbegin.o
 .text.register_tm_clones
                0x080001b4       0x24 C:/Program Files/arm-gnu-toolchain-14.3.rel1-mingw-w64-x86_64-arm-none-eabi/bin/../lib/gcc/arm-none-eabi/14.3.1/thumb/v7e-m+fp/hard/crtbegin.o
 .text.__do_global_dtors_aux
                0x080001d8       0x28 C:/Program Files/arm-gnu-toolchain-14.3.rel1-mingw-w64-x86_64-arm-none-eabi/bin/../lib/gcc/arm-none-eabi/14.3.1/thumb/v7e-m+fp/hard/crtbegin.o
 .text.frame_dummy
                0x08000200       0x24 C:/Program Files/arm-gnu-toolchain-14.3.rel1-mingw-w64-x86_64-arm-none-eabi/bin/../lib/gcc/arm-none-eabi/14.3.1/thumb/v7e-m+fp/hard/crtbegin.o
 .text.print_u32
                0x08000224       0x5c build/main.o
 .text.print_int16
                0x08000280       0x1c build/main.o
 .text.process_frame
                0x0800029c       0x7c build/main.o
 .text.uart1_rx_poll
                0x08000318       0xdc build/main.o
 .text.send_temp_frame
                0x080003f4       0x3c build/main.o
 .text.main     0x08000430       0x50 build/main.o
                0x08000430                main
 .text.SystemClock_Config
                0x08000480       0xe4 build/clock.o
                0x08000480                SystemClock_Config
 .text.delay_us
                0x08000564       0x28 build/clock.o
                0x08000564                delay_us
 .text.delay_ms
                0x0800058c       0x18 build/clock.o
                0x0800058c                delay_ms
 .text.LM34_Init
                0x080005a4       0xb0 build/lm34.o
                0x080005a4                LM34_Init
 .text.LM34_Read
                0x08000654       0x3c build/lm34.o
                0x08000654                LM34_Read
 .text.SystemInit
                0x08000690       0x1c build/system_stm32l4xx.o
                0x08000690                SystemInit
 .text.UART_Init
                0x080006ac       0x6c build/uart.o
                0x080006ac                UART_Init
 .text.UART_SendChar
                0x08000718       0x14 build/uart.o
                0x08000718                UART_SendChar
 .text.UART_SendString
                0x0800072c       0x14 build/uart.o
                0x0800072c                UART_SendString
 .text.UART1_Init
                0x08000740       0x7c build/uart1.o
                0x08000740                UART1_Init
 .text.USART1_IRQHandler
                0x080007bc       0x54 build/uart1.o
                0x080007bc                USART1_IRQHandler
 .text.UART1_SendChar
                0x08000810       0x14 build/uart1.o
                0x08000810                UART1_SendChar
 .text.UART1_SendBytes
                0x08000824       0x18 build/uart1.o
                0x08000824                UART1_SendBytes
 .text.UART1_DataAvailable
                0x0800083c       0x18 build/uart1.o
                0x0800083c                UART1_DataAvailable
 .text.UART1_ReceiveByte
                0x08000854       0x2c build/uart1.o
                0x08000854                UART1_ReceiveByte
 .text.Reset_Handler
                0x08000880       0x50 build/startup_stm32l452xx.o
                0x08000880                Reset_Handler
 .text.Default_Handler
                0x080008d0        0x2 build/startup_stm32l452xx.o
                0x080008d0                RTC_Alarm_IRQHandler
                0x080008d0                EXTI2_IRQHandler
                0x080008d0                DebugMon_Handler
                0x080008d0                TIM1_CC_IRQHandler
                0x080008d0                TSC_IRQHandler
                0x080008d0                HardFault_Handler
                0x080008d0                SysTick_Handler
                0x080008d0                TAMP_STAMP_IRQHandler
                0x080008d0                PendSV_Handler
                0x080008d0                NMI_Handler
                0x080008d0                EXTI3_IRQHandler
                0x080008d0                LPTIM2_IRQHandler
                0x080008d0                DFSDM1_FLT1_IRQHandler
                0x080008d0                I2C3_ER_IRQHandler
                0x080008d0                EXTI0_IRQHandler
                0x080008d0                I2C2_EV_IRQHandler
                0x080008d0                CAN1_RX0_IRQHandler
                0x080008d0                FPU_IRQHandler
                0x080008d0                TIM1_UP_TIM16_IRQHandler
                0x080008d0                UsageFault_Handler
                0x080008d0                SPI1_IRQHandler
                0x080008d0                TIM6_DAC_IRQHandler
                0x080008d0                DMA2_Channel2_IRQHandler
                0x080008d0                DMA1_Channel4_IRQHandler
                0x080008d0                ADC1_IRQHandler
                0x080008d0                USART3_IRQHandler
                0x080008d0                DMA1_Channel7_IRQHandler
                0x080008d0                CAN1_RX1_IRQHandler
                0x080008d0                DMA2_Channel1_IRQHandler
                0x080008d0                QUADSPI_IRQHandler
                0x080008d0                I2C1_EV_IRQHandler
                0x080008d0                DMA1_Channel6_IRQHandler
                0x080008d0                UART4_IRQHandler
                0x080008d0                DMA2_Channel4_IRQHandler
                0x080008d0                TIM3_IRQHandler
                0x080008d0                RCC_IRQHandler
                0x080008d0                TIM1_TRG_COM_IRQHandler
                0x080008d0                DMA1_Channel1_IRQHandler
                0x080008d0                Default_Handler
                0x080008d0                DMA2_Channel7_IRQHandler
                0x080008d0                EXTI15_10_IRQHandler
                0x080008d0                SDMMC1_IRQHandler
                0x080008d0                I2C3_EV_IRQHandler
                0x080008d0                USB_IRQHandler
                0x080008d0                EXTI9_5_IRQHandler
                0x080008d0                RTC_WKUP_IRQHandler
                0x080008d0                PVD_PVM_IRQHandler
                0x080008d0                SPI2_IRQHandler
                0x080008d0                MemManage_Handler
                0x080008d0                CAN1_TX_IRQHandler
                0x080008d0                SVC_Handler
                0x080008d0                DMA2_Channel5_IRQHandler
                0x080008d0                CRS_IRQHandler
                0x080008d0                DMA1_Channel5_IRQHandler
                0x080008d0                EXTI4_IRQHandler
                0x080008d0                RNG_IRQHandler
                0x080008d0                DMA1_Channel3_IRQHandler
                0x080008d0                COMP_IRQHandler
                0x080008d0                WWDG_IRQHandler
                0x080008d0                I2C4_EV_IRQHandler
                0x080008d0                LPUART1_IRQHandler
                0x080008d0                DMA2_Channel6_IRQHandler
                0x080008d0                TIM2_IRQHandler
                0x080008d0                EXTI1_IRQHandler
                0x080008d0                USART2_IRQHandler
                0x080008d0                DFSDM1_FLT0_IRQHandler
                0x080008d0                I2C2_ER_IRQHandler
                0x080008d0                DMA1_Channel2_IRQHandler
                0x080008d0                CAN1_SCE_IRQHandler
                0x080008d0                FLASH_IRQHandler
                0x080008d0                BusFault_Handler
                0x080008d0                SPI3_IRQHandler
                0x080008d0                I2C1_ER_IRQHandler
                0x080008d0                LPTIM1_IRQHandler
                0x080008d0                I2C4_ER_IRQHandler
                0x080008d0                SAI1_IRQHandler
                0x080008d0                DMA2_Channel3_IRQHandler
                0x080008d0                TIM1_BRK_TIM15_IRQHandler
 *fill*         0x080008d2        0x2 
 .text.__libc_init_array
                0x080008d4       0x48 C:/Program Files/arm-gnu-toolchain-14.3.rel1-mingw-w64-x86_64-arm-none-eabi/bin/../lib/gcc/arm-none-eabi/14.3.1/../../../../arm-none-eabi/lib/thumb/v7e-m+fp/hard\libc_nano.a(libc_a-init.o)
                0x080008d4                __libc_init_array
 *(.glue_7)
 .glue_7        0x0800091c        0x0 linker stubs
 *(.glue_7t)
 .glue_7t       0x0800091c        0x0 linker stubs
 *(.eh_frame)
 .eh_frame      0x0800091c        0x0 C:/Program Files/arm-gnu-toolchain-14.3.rel1-mingw-w64-x86_64-arm-none-eabi/bin/../lib/gcc/arm-none-eabi/14.3.1/thumb/v7e-m+fp/hard/crtbegin.o
 *(.init)
 .init          0x0800091c        0x4 C:/Program Files/arm-gnu-toolchain-14.3.rel1-mingw-w64-x86_64-arm-none-eabi/bin/../lib/gcc/arm-none-eabi/14.3.1/thumb/v7e-m+fp/hard/crti.o
                0x0800091c                _init
 .init          0x08000920        0x8 C:/Program Files/arm-gnu-toolchain-14.3.rel1-mingw-w64-x86_64-arm-none-eabi/bin/../lib/gcc/arm-none-eabi/14.3.1/thumb/v7e-m+fp/hard/crtn.o
 *(.fini)
 .fini          0x08000928        0x4 C:/Program Files/arm-gnu-toolchain-14.3.rel1-mingw-w64-x86_64-arm-none-eabi/bin/../lib/gcc/arm-none-eabi/14.3.1/thumb/v7e-m+fp/hard/crti.o
                0x08000928                _fini
 .fini          0x0800092c        0x8 C:/Program Files/arm-gnu-toolchain-14.3.rel1-mingw-w64-x86_64-arm-none-eabi/bin/../lib/gcc/arm-none-eabi/14.3.1/thumb/v7e-m+fp/hard/crtn.o
                0x08000938                        . = ALIGN (0x8)
 *fill*         0x08000934        0x4 
                0x08000938                        _etext = .

.vfp11_veneer   0x08000938        0x0
 .vfp11_veneer  0x08000938        0x0 linker stubs

.v4_bx          0x08000938        0x0
 .v4_bx         0x08000938        0x0 linker stubs

.iplt           0x08000938        0x0
 .iplt          0x08000938        0x0 C:/Program Files/arm-gnu-toolchain-14.3.rel1-mingw-w64-x86_64-arm-none-eabi/bin/../lib/gcc/arm-none-eabi/14.3.1/thumb/v7e-m+fp/hard/crtbegin.o

.rodata         0x08000938       0xd0
                0x08000938                        . = ALIGN (0x8)
 *(.rodata)
 *(.rodata*)
 .rodata.process_frame.str1.4
                0x08000938       0xce build/main.o
                                 0x5d (size before relaxing)
 .rodata.uart1_rx_poll.str1.4
                0x08000a06       0x16 build/main.o
 .rodata.main.str1.4
                0x08000a06       0x56 build/main.o
                0x08000a60                        . = ALIGN (0x8)
 *fill*         0x08000a06        0x2 

.ARM.extab      0x08000a08        0x0
                0x08000a08                        . = ALIGN (0x8)
 *(.ARM.extab* .gnu.linkonce.armextab.*)
                0x08000a08                        . = ALIGN (0x8)

.ARM            0x08000a08        0x0
                0x08000a08                        . = ALIGN (0x8)
                0x08000a08                        __exidx_start = .
 *(.ARM.exidx*)
                0x08000a08                        __exidx_end = .
                0x08000a08                        . = ALIGN (0x8)

.preinit_array  0x08000a08        0x0
                0x08000a08                        . = ALIGN (0x8)
                0x08000a08                        PROVIDE (__preinit_array_start = .)
 *(.preinit_array*)
                0x08000a08                        PROVIDE (__preinit_array_end = .)
                0x08000a08                        . = ALIGN (0x8)

.init_array     0x08000a08        0x8
                0x08000a08                        . = ALIGN (0x8)
                0x08000a08                        PROVIDE (__init_array_start = .)
 *(SORT_BY_NAME(.init_array.*))
 *(.init_array*)
 .init_array    0x08000a08        0x4 C:/Program Files/arm-gnu-toolchain-14.3.rel1-mingw-w64-x86_64-arm-none-eabi/bin/../lib/gcc/arm-none-eabi/14.3.1/thumb/v7e-m+fp/hard/crtbegin.o
                0x08000a0c                        PROVIDE (__init_array_end = .)
                0x08000a10                        . = ALIGN (0x8)
 *fill*         0x08000a0c        0x4 

.fini_array     0x08000a10        0x8
                0x08000a10                        . = ALIGN (0x8)
                [!provide]                        PROVIDE (__fini_array_start = .)
 *(SORT_BY_NAME(.fini_array.*))
 *(.fini_array*)
 .fini_array    0x08000a10        0x4 C:/Program Files/arm-gnu-toolchain-14.3.rel1-mingw-w64-x86_64-arm-none-eabi/bin/../lib/gcc/arm-none-eabi/14.3.1/thumb/v7e-m+fp/hard/crtbegin.o
                [!provide]                        PROVIDE (__fini_array_end = .)
                0x08000a18                        . = ALIGN (0x8)
 *fill*         0x08000a14        0x4 
                0x08000a18                        _sidata = LOADADDR (.data)

.rel.dyn        0x08000a18        0x0
 .rel.iplt      0x08000a18        0x0 C:/Program Files/arm-gnu-toolchain-14.3.rel1-mingw-w64-x86_64-arm-none-eabi/bin/../lib/gcc/arm-none-eabi/14.3.1/thumb/v7e-m+fp/hard/crtbegin.o

.data           0x20000000        0x0 load address 0x08000a18
                0x20000000                        . = ALIGN (0x8)
                0x20000000                        _sdata = .
 *(.data)
 *(.data*)
 *(.RamFunc)
 *(.RamFunc*)
                0x20000000                        . = ALIGN (0x8)
                0x20000000                        _edata = .

.tm_clone_table
                0x20000000        0x0 load address 0x08000a18
 .tm_clone_table
                0x20000000        0x0 C:/Program Files/arm-gnu-toolchain-14.3.rel1-mingw-w64-x86_64-arm-none-eabi/bin/../lib/gcc/arm-none-eabi/14.3.1/thumb/v7e-m+fp/hard/crtbegin.o
 .tm_clone_table
                0x20000000        0x0 C:/Program Files/arm-gnu-toolchain-14.3.rel1-mingw-w64-x86_64-arm-none-eabi/bin/../lib/gcc/arm-none-eabi/14.3.1/thumb/v7e-m+fp/hard/crtend.o

.igot.plt       0x20000000        0x0 load address 0x08000a18
 .igot.plt      0x20000000        0x0 C:/Program Files/arm-gnu-toolchain-14.3.rel1-mingw-w64-x86_64-arm-none-eabi/bin/../lib/gcc/arm-none-eabi/14.3.1/thumb/v7e-m+fp/hard/crtbegin.o
                0x20000000                        . = ALIGN (0x4)

.bss            0x20000000       0xac load address 0x08000a18
                0x20000000                        _sbss = .
                0x20000000                        __bss_start__ = _sbss
 *(.bss)
 *(.bss*)
 .bss.completed.1
                0x20000000        0x1 C:/Program Files/arm-gnu-toolchain-14.3.rel1-mingw-w64-x86_64-arm-none-eabi/bin/../lib/gcc/arm-none-eabi/14.3.1/thumb/v7e-m+fp/hard/crtbegin.o
 *fill*         0x20000001        0x3 
 .bss.object.0  0x20000004       0x18 C:/Program Files/arm-gnu-toolchain-14.3.rel1-mingw-w64-x86_64-arm-none-eabi/bin/../lib/gcc/arm-none-eabi/14.3.1/thumb/v7e-m+fp/hard/crtbegin.o
 .bss.s_rx_buf  0x2000001c       0x40 build/main.o
 .bss.s_rx_cksum
                0x2000005c        0x1 build/main.o
 .bss.s_rx_idx  0x2000005d        0x1 build/main.o
 .bss.s_rx_len  0x2000005e        0x1 build/main.o
 .bss.s_rx_type
                0x2000005f        0x1 build/main.o
 .bss.s_rx_state
                0x20000060        0x1 build/main.o
 *fill*         0x20000061        0x3 
 .bss.s_rx_tail
                0x20000064        0x4 build/uart1.o
 .bss.s_rx_head
                0x20000068        0x4 build/uart1.o
 .bss.s_rx_buf  0x2000006c       0x40 build/uart1.o
 *(COMMON)
                0x200000ac                        . = ALIGN (0x4)
                0x200000ac                        _ebss = .
                0x200000ac                        __bss_end__ = _ebss

._user_heap_stack
                0x200000ac      0x604 load address 0x08000a18
                0x200000b0                        . = ALIGN (0x8)
 *fill*         0x200000ac        0x4 
                0x200000b0                        PROVIDE (end = .)
                [!provide]                        PROVIDE (_end = .)
                0x200002b0                        . = (. + _Min_Heap_Size)
 *fill*         0x200000b0      0x200 
                0x200006b0                        . = (. + _Min_Stack_Size)
 *fill*         0x200002b0      0x400 
                0x200006b0                        . = ALIGN (0x8)

/DISCARD/
 libc.a(*)
 libm.a(*)
 libgcc.a(*)
OUTPUT(build/ROBOT_NODE.elf elf32-littlearm)
LOAD linker stubs
LOAD C:/Program Files/arm-gnu-toolchain-14.3.rel1-mingw-w64-x86_64-arm-none-eabi/bin/../lib/gcc/arm-none-eabi/14.3.1/../../../../arm-none-eabi/lib/thumb/v7e-m+fp/hard\libc.a
LOAD C:/Program Files/arm-gnu-toolchain-14.3.rel1-mingw-w64-x86_64-arm-none-eabi/bin/../lib/gcc/arm-none-eabi/14.3.1/../../../../arm-none-eabi/lib/thumb/v7e-m+fp/hard\libm.a
LOAD C:/Program Files/arm-gnu-toolchain-14.3.rel1-mingw-w64-x86_64-arm-none-eabi/bin/../lib/gcc/arm-none-eabi/14.3.1/thumb/v7e-m+fp/hard\libgcc.a

.ARM.attributes
                0x00000000       0x30
 .ARM.attributes
                0x00000000       0x22 C:/Program Files/arm-gnu-toolchain-14.3.rel1-mingw-w64-x86_64-arm-none-eabi/bin/../lib/gcc/arm-none-eabi/14.3.1/thumb/v7e-m+fp/hard/crti.o
 .ARM.attributes
                0x00000022       0x34 C:/Program Files/arm-gnu-toolchain-14.3.rel1-mingw-w64-x86_64-arm-none-eabi/bin/../lib/gcc/arm-none-eabi/14.3.1/thumb/v7e-m+fp/hard/crtbegin.o
 .ARM.attributes
                0x00000056       0x34 build/main.o
 .ARM.attributes
                0x0000008a       0x34 build/clock.o
 .ARM.attributes
                0x000000be       0x34 build/lm34.o
 .ARM.attributes
                0x000000f2       0x34 build/system_stm32l4xx.o
 .ARM.attributes
                0x00000126       0x34 build/uart.o
 .ARM.attributes
                0x0000015a       0x34 build/uart1.o
 .ARM.attributes
                0x0000018e       0x21 build/startup_stm32l452xx.o
 .ARM.attributes
                0x000001af       0x34 C:/Program Files/arm-gnu-toolchain-14.3.rel1-mingw-w64-x86_64-arm-none-eabi/bin/../lib/gcc/arm-none-eabi/14.3.1/../../../../arm-none-eabi/lib/thumb/v7e-m+fp/hard\libc_nano.a(libc_a-init.o)
 .ARM.attributes
                0x000001e3       0x34 C:/Program Files/arm-gnu-toolchain-14.3.rel1-mingw-w64-x86_64-arm-none-eabi/bin/../lib/gcc/arm-none-eabi/14.3.1/thumb/v7e-m+fp/hard/crtend.o
 .ARM.attributes
                0x00000217       0x22 C:/Program Files/arm-gnu-toolchain-14.3.rel1-mingw-w64-x86_64-arm-none-eabi/bin/../lib/gcc/arm-none-eabi/14.3.1/thumb/v7e-m+fp/hard/crtn.o

.comment        0x00000000       0x46
 .comment       0x00000000       0x46 build/main.o
                                 0x47 (size before relaxing)
 .comment       0x00000046       0x47 build/clock.o
 .comment       0x00000046       0x47 build/lm34.o
 .comment       0x00000046       0x47 build/system_stm32l4xx.o
 .comment       0x00000046       0x47 build/uart.o
 .comment       0x00000046       0x47 build/uart1.o

.debug_info     0x00000000     0x2d64
 .debug_info    0x00000000      0x68b build/main.o
 .debug_info    0x0000068b      0x84d build/clock.o
 .debug_info    0x00000ed8      0x795 build/lm34.o
 .debug_info    0x0000166d      0x2e6 build/system_stm32l4xx.o
 .debug_info    0x00001953      0x6a3 build/uart.o
 .debug_info    0x00001ff6      0xd3e build/uart1.o
 .debug_info    0x00002d34       0x30 build/startup_stm32l452xx.o

.debug_abbrev   0x00000000      0x914
 .debug_abbrev  0x00000000      0x1b1 build/main.o
 .debug_abbrev  0x000001b1      0x13a build/clock.o
 .debug_abbrev  0x000002eb      0x16d build/lm34.o
 .debug_abbrev  0x00000458       0xde build/system_stm32l4xx.o
 .debug_abbrev  0x00000536      0x16f build/uart.o
 .debug_abbrev  0x000006a5      0x252 build/uart1.o
 .debug_abbrev  0x000008f7       0x1d build/startup_stm32l452xx.o

.debug_loc      0x00000000      0x7d9
 .debug_loc     0x00000000      0x47b build/main.o
 .debug_loc     0x0000047b       0x65 build/clock.o
 .debug_loc     0x000004e0       0x35 build/lm34.o
 .debug_loc     0x00000515      0x100 build/uart.o
 .debug_loc     0x00000615      0x1c4 build/uart1.o

.debug_aranges  0x00000000      0x180
 .debug_aranges
                0x00000000       0x48 build/main.o
 .debug_aranges
                0x00000048       0x30 build/clock.o
 .debug_aranges
                0x00000078       0x28 build/lm34.o
 .debug_aranges
                0x000000a0       0x20 build/system_stm32l4xx.o
 .debug_aranges
                0x000000c0       0x48 build/uart.o
 .debug_aranges
                0x00000108       0x50 build/uart1.o
 .debug_aranges
                0x00000158       0x28 build/startup_stm32l452xx.o

.debug_ranges   0x00000000      0x148
 .debug_ranges  0x00000000       0x50 build/main.o
 .debug_ranges  0x00000050       0x20 build/clock.o
 .debug_ranges  0x00000070       0x18 build/lm34.o
 .debug_ranges  0x00000088       0x10 build/system_stm32l4xx.o
 .debug_ranges  0x00000098       0x38 build/uart.o
 .debug_ranges  0x000000d0       0x58 build/uart1.o
 .debug_ranges  0x00000128       0x20 build/startup_stm32l452xx.o

.debug_line     0x00000000     0x136b
 .debug_line    0x00000000      0x3ff build/main.o
 .debug_line    0x000003ff      0x3a6 build/clock.o
 .debug_line    0x000007a5      0x2e5 build/lm34.o
 .debug_line    0x00000a8a      0x1a1 build/system_stm32l4xx.o
 .debug_line    0x00000c2b      0x307 build/uart.o
 .debug_line    0x00000f32      0x3c6 build/uart1.o
 .debug_line    0x000012f8       0x73 build/startup_stm32l452xx.o

.debug_str      0x00000000      0xc01
 .debug_str     0x00000000      0xc01 build/main.o
                                0x323 (size before relaxing)
 .debug_str     0x00000c01      0x3e5 build/clock.o
 .debug_str     0x00000c01      0x3e0 build/lm34.o
 .debug_str     0x00000c01      0x1f0 build/system_stm32l4xx.o
 .debug_str     0x00000c01      0x38b build/uart.o
 .debug_str     0x00000c01      0x8dc build/uart1.o
 .debug_str     0x00000c01       0x51 build/startup_stm32l452xx.o

.debug_frame    0x00000000      0x2a4
 .debug_frame   0x00000000       0xb0 build/main.o
 .debug_frame   0x000000b0       0x4c build/clock.o
 .debug_frame   0x000000fc       0x38 build/lm34.o
 .debug_frame   0x00000134       0x20 build/system_stm32l4xx.o
 .debug_frame   0x00000154       0x84 build/uart.o
 .debug_frame   0x000001d8       0xa0 build/uart1.o
 .debug_frame   0x00000278       0x2c C:/Program Files/arm-gnu-toolchain-14.3.rel1-mingw-w64-x86_64-arm-none-eabi/bin/../lib/gcc/arm-none-eabi/14.3.1/../../../../arm-none-eabi/lib/thumb/v7e-m+fp/hard\libc_nano.a(libc_a-init.o)

Cross Reference Table

Symbol                                            File
ADC1_IRQHandler                                   build/startup_stm32l452xx.o
BusFault_Handler                                  build/startup_stm32l452xx.o
CAN1_RX0_IRQHandler                               build/startup_stm32l452xx.o
CAN1_RX1_IRQHandler                               build/startup_stm32l452xx.o
CAN1_SCE_IRQHandler                               build/startup_stm32l452xx.o
CAN1_TX_IRQHandler                                build/startup_stm32l452xx.o
COMP_IRQHandler                                   build/startup_stm32l452xx.o
CRS_IRQHandler                                    build/startup_stm32l452xx.o
DFSDM1_FLT0_IRQHandler                            build/startup_stm32l452xx.o
DFSDM1_FLT1_IRQHandler                            build/startup_stm32l452xx.o
DMA1_Channel1_IRQHandler                          build/startup_stm32l452xx.o
DMA1_Channel2_IRQHandler                          build/startup_stm32l452xx.o
DMA1_Channel3_IRQHandler                          build/startup_stm32l452xx.o
DMA1_Channel4_IRQHandler                          build/startup_stm32l452xx.o
DMA1_Channel5_IRQHandler                          build/startup_stm32l452xx.o
DMA1_Channel6_IRQHandler                          build/startup_stm32l452xx.o
DMA1_Channel7_IRQHandler                          build/startup_stm32l452xx.o
DMA2_Channel1_IRQHandler                          build/startup_stm32l452xx.o
DMA2_Channel2_IRQHandler                          build/startup_stm32l452xx.o
DMA2_Channel3_IRQHandler                          build/startup_stm32l452xx.o
DMA2_Channel4_IRQHandler                          build/startup_stm32l452xx.o
DMA2_Channel5_IRQHandler                          build/startup_stm32l452xx.o
DMA2_Channel6_IRQHandler                          build/startup_stm32l452xx.o
DMA2_Channel7_IRQHandler                          build/startup_stm32l452xx.o
DRV8833_Init                                      build/drv8833.o
DRV8833_SetLeft                                   build/drv8833.o
DRV8833_SetRight                                  build/drv8833.o
DRV8833_Sleep                                     build/drv8833.o
DRV8833_Stop                                      build/drv8833.o
DRV8833_Wake                                      build/drv8833.o
DebugMon_Handler                                  build/startup_stm32l452xx.o
Default_Handler                                   build/startup_stm32l452xx.o
EXTI0_IRQHandler                                  build/startup_stm32l452xx.o
EXTI15_10_IRQHandler                              build/startup_stm32l452xx.o
EXTI1_IRQHandler                                  build/startup_stm32l452xx.o
EXTI2_IRQHandler                                  build/startup_stm32l452xx.o
EXTI3_IRQHandler                                  build/startup_stm32l452xx.o
EXTI4_IRQHandler                                  build/startup_stm32l452xx.o
EXTI9_5_IRQHandler                                build/startup_stm32l452xx.o
FLASH_IRQHandler                                  build/startup_stm32l452xx.o
FPU_IRQHandler                                    build/startup_stm32l452xx.o
HardFault_Handler                                 build/startup_stm32l452xx.o
I2C1_ER_IRQHandler                                build/startup_stm32l452xx.o
I2C1_EV_IRQHandler                                build/startup_stm32l452xx.o
I2C2_ER_IRQHandler                                build/startup_stm32l452xx.o
I2C2_EV_IRQHandler                                build/startup_stm32l452xx.o
I2C3_ER_IRQHandler                                build/startup_stm32l452xx.o
I2C3_EV_IRQHandler                                build/startup_stm32l452xx.o
I2C4_ER_IRQHandler                                build/startup_stm32l452xx.o
I2C4_EV_IRQHandler                                build/startup_stm32l452xx.o
ICM20948_Init                                     build/icm20948.o
ICM20948_ReadAccel                                build/icm20948.o
ICM20948_ReadGyro                                 build/icm20948.o
ICM20948_ReadMag                                  build/icm20948.o
ICM20948_ReadTemp                                 build/icm20948.o
LM34_Init                                         build/lm34.o
                                                  build/main.o
LM34_Read                                         build/lm34.o
                                                  build/main.o
LPTIM1_IRQHandler                                 build/startup_stm32l452xx.o
LPTIM2_IRQHandler                                 build/startup_stm32l452xx.o
LPUART1_IRQHandler                                build/startup_stm32l452xx.o
MemManage_Handler                                 build/startup_stm32l452xx.o
NMI_Handler                                       build/startup_stm32l452xx.o
PVD_PVM_IRQHandler                                build/startup_stm32l452xx.o
PendSV_Handler                                    build/startup_stm32l452xx.o
QUADSPI_IRQHandler                                build/startup_stm32l452xx.o
RCC_IRQHandler                                    build/startup_stm32l452xx.o
RNG_IRQHandler                                    build/startup_stm32l452xx.o
RTC_Alarm_IRQHandler                              build/startup_stm32l452xx.o
RTC_WKUP_IRQHandler                               build/startup_stm32l452xx.o
Reset_Handler                                     build/startup_stm32l452xx.o
SAI1_IRQHandler                                   build/startup_stm32l452xx.o
SDMMC1_IRQHandler                                 build/startup_stm32l452xx.o
SPI1_IRQHandler                                   build/startup_stm32l452xx.o
SPI2_IRQHandler                                   build/startup_stm32l452xx.o
SPI3_IRQHandler                                   build/startup_stm32l452xx.o
SVC_Handler                                       build/startup_stm32l452xx.o
SysTick_Handler                                   build/startup_stm32l452xx.o
SystemClock_Config                                build/clock.o
                                                  build/main.o
SystemInit                                        build/system_stm32l4xx.o
                                                  build/startup_stm32l452xx.o
TAMP_STAMP_IRQHandler                             build/startup_stm32l452xx.o
TIM1_BRK_TIM15_IRQHandler                         build/startup_stm32l452xx.o
TIM1_CC_IRQHandler                                build/startup_stm32l452xx.o
TIM1_TRG_COM_IRQHandler                           build/startup_stm32l452xx.o
TIM1_UP_TIM16_IRQHandler                          build/startup_stm32l452xx.o
TIM2_IRQHandler                                   build/startup_stm32l452xx.o
TIM3_IRQHandler                                   build/startup_stm32l452xx.o
TIM6_DAC_IRQHandler                               build/startup_stm32l452xx.o
TSC_IRQHandler                                    build/startup_stm32l452xx.o
UART1_DataAvailable                               build/uart1.o
                                                  build/main.o
UART1_Init                                        build/uart1.o
                                                  build/main.o
UART1_ReceiveByte                                 build/uart1.o
                                                  build/main.o
UART1_SendBytes                                   build/uart1.o
                                                  build/main.o
UART1_SendChar                                    build/uart1.o
UART1_SendString                                  build/uart1.o
UART4_IRQHandler                                  build/startup_stm32l452xx.o
UART_DataAvailable                                build/uart.o
UART_Init                                         build/uart.o
                                                  build/main.o
UART_ReceiveByte                                  build/uart.o
UART_SendBytes                                    build/uart.o
UART_SendChar                                     build/uart.o
                                                  build/main.o
UART_SendString                                   build/uart.o
                                                  build/main.o
USART1_IRQHandler                                 build/uart1.o
USART2_IRQHandler                                 build/startup_stm32l452xx.o
USART3_IRQHandler                                 build/startup_stm32l452xx.o
USB_IRQHandler                                    build/startup_stm32l452xx.o
UsageFault_Handler                                build/startup_stm32l452xx.o
WWDG_IRQHandler                                   build/startup_stm32l452xx.o
_ITM_deregisterTMCloneTable                       C:/Program Files/arm-gnu-toolchain-14.3.rel1-mingw-w64-x86_64-arm-none-eabi/bin/../lib/gcc/arm-none-eabi/14.3.1/thumb/v7e-m+fp/hard/crtbegin.o
_ITM_registerTMCloneTable                         C:/Program Files/arm-gnu-toolchain-14.3.rel1-mingw-w64-x86_64-arm-none-eabi/bin/../lib/gcc/arm-none-eabi/14.3.1/thumb/v7e-m+fp/hard/crtbegin.o
__TMC_END__                                       C:/Program Files/arm-gnu-toolchain-14.3.rel1-mingw-w64-x86_64-arm-none-eabi/bin/../lib/gcc/arm-none-eabi/14.3.1/thumb/v7e-m+fp/hard/crtend.o
                                                  C:/Program Files/arm-gnu-toolchain-14.3.rel1-mingw-w64-x86_64-arm-none-eabi/bin/../lib/gcc/arm-none-eabi/14.3.1/thumb/v7e-m+fp/hard/crtbegin.o
__bss_end__                                       C:/Program Files/arm-gnu-toolchain-14.3.rel1-mingw-w64-x86_64-arm-none-eabi/bin/../lib/gcc/arm-none-eabi/14.3.1/../../../../arm-none-eabi/lib/thumb/v7e-m+fp/hard/crt0.o
__bss_start__                                     C:/Program Files/arm-gnu-toolchain-14.3.rel1-mingw-w64-x86_64-arm-none-eabi/bin/../lib/gcc/arm-none-eabi/14.3.1/../../../../arm-none-eabi/lib/thumb/v7e-m+fp/hard/crt0.o
__call_exitprocs                                  C:/Program Files/arm-gnu-toolchain-14.3.rel1-mingw-w64-x86_64-arm-none-eabi/bin/../lib/gcc/arm-none-eabi/14.3.1/../../../../arm-none-eabi/lib/thumb/v7e-m+fp/hard\libc_nano.a(libc_a-exit.o)
__deregister_frame_info                           C:/Program Files/arm-gnu-toolchain-14.3.rel1-mingw-w64-x86_64-arm-none-eabi/bin/../lib/gcc/arm-none-eabi/14.3.1/thumb/v7e-m+fp/hard/crtbegin.o
__dso_handle                                      C:/Program Files/arm-gnu-toolchain-14.3.rel1-mingw-w64-x86_64-arm-none-eabi/bin/../lib/gcc/arm-none-eabi/14.3.1/thumb/v7e-m+fp/hard/crtbegin.o
__fp_lock_all                                     C:/Program Files/arm-gnu-toolchain-14.3.rel1-mingw-w64-x86_64-arm-none-eabi/bin/../lib/gcc/arm-none-eabi/14.3.1/../../../../arm-none-eabi/lib/thumb/v7e-m+fp/hard\libc_nano.a(libc_a-findfp.o)
__fp_unlock_all                                   C:/Program Files/arm-gnu-toolchain-14.3.rel1-mingw-w64-x86_64-arm-none-eabi/bin/../lib/gcc/arm-none-eabi/14.3.1/../../../../arm-none-eabi/lib/thumb/v7e-m+fp/hard\libc_nano.a(libc_a-findfp.o)
__init_array_end                                  C:/Program Files/arm-gnu-toolchain-14.3.rel1-mingw-w64-x86_64-arm-none-eabi/bin/../lib/gcc/arm-none-eabi/14.3.1/../../../../arm-none-eabi/lib/thumb/v7e-m+fp/hard\libc_nano.a(libc_a-init.o)
__init_array_start                                C:/Program Files/arm-gnu-toolchain-14.3.rel1-mingw-w64-x86_64-arm-none-eabi/bin/../lib/gcc/arm-none-eabi/14.3.1/../../../../arm-none-eabi/lib/thumb/v7e-m+fp/hard\libc_nano.a(libc_a-init.o)
__libc_fini_array                                 C:/Program Files/arm-gnu-toolchain-14.3.rel1-mingw-w64-x86_64-arm-none-eabi/bin/../lib/gcc/arm-none-eabi/14.3.1/../../../../arm-none-eabi/lib/thumb/v7e-m+fp/hard/crt0.o
__libc_init_array                                 C:/Program Files/arm-gnu-toolchain-14.3.rel1-mingw-w64-x86_64-arm-none-eabi/bin/../lib/gcc/arm-none-eabi/14.3.1/../../../../arm-none-eabi/lib/thumb/v7e-m+fp/hard\libc_nano.a(libc_a-init.o)
                                                  build/startup_stm32l452xx.o
                                                  C:/Program Files/arm-gnu-toolchain-14.3.rel1-mingw-w64-x86_64-arm-none-eabi/bin/../lib/gcc/arm-none-eabi/14.3.1/../../../../arm-none-eabi/lib/thumb/v7e-m+fp/hard/crt0.o
__lock___arc4random_mutex                         C:/Program Files/arm-gnu-toolchain-14.3.rel1-mingw-w64-x86_64-arm-none-eabi/bin/../lib/gcc/arm-none-eabi/14.3.1/../../../../arm-none-eabi/lib/thumb/v7e-m+fp/hard\libc_nano.a(libc_a-lock.o)
__lock___at_quick_exit_mutex                      C:/Program Files/arm-gnu-toolchain-14.3.rel1-mingw-w64-x86_64-arm-none-eabi/bin/../lib/gcc/arm-none-eabi/14.3.1/../../../../arm-none-eabi/lib/thumb/v7e-m+fp/hard\libc_nano.a(libc_a-lock.o)
__lock___atexit_recursive_mutex                   C:/Program Files/arm-gnu-toolchain-14.3.rel1-mingw-w64-x86_64-arm-none-eabi/bin/../lib/gcc/arm-none-eabi/14.3.1/../../../../arm-none-eabi/lib/thumb/v7e-m+fp/hard\libc_nano.a(libc_a-lock.o)
__lock___dd_hash_mutex                            C:/Program Files/arm-gnu-toolchain-14.3.rel1-mingw-w64-x86_64-arm-none-eabi/bin/../lib/gcc/arm-none-eabi/14.3.1/../../../../arm-none-eabi/lib/thumb/v7e-m+fp/hard\libc_nano.a(libc_a-lock.o)
__lock___env_recursive_mutex                      C:/Program Files/arm-gnu-toolchain-14.3.rel1-mingw-w64-x86_64-arm-none-eabi/bin/../lib/gcc/arm-none-eabi/14.3.1/../../../../arm-none-eabi/lib/thumb/v7e-m+fp/hard\libc_nano.a(libc_a-lock.o)
__lock___malloc_recursive_mutex                   C:/Program Files/arm-gnu-toolchain-14.3.rel1-mingw-w64-x86_64-arm-none-eabi/bin/../lib/gcc/arm-none-eabi/14.3.1/../../../../arm-none-eabi/lib/thumb/v7e-m+fp/hard\libc_nano.a(libc_a-lock.o)
                                                  C:/Program Files/arm-gnu-toolchain-14.3.rel1-mingw-w64-x86_64-arm-none-eabi/bin/../lib/gcc/arm-none-eabi/14.3.1/../../../../arm-none-eabi/lib/thumb/v7e-m+fp/hard\libc_nano.a(libc_a-mlock.o)
__lock___sfp_recursive_mutex                      C:/Program Files/arm-gnu-toolchain-14.3.rel1-mingw-w64-x86_64-arm-none-eabi/bin/../lib/gcc/arm-none-eabi/14.3.1/../../../../arm-none-eabi/lib/thumb/v7e-m+fp/hard\libc_nano.a(libc_a-lock.o)
                                                  C:/Program Files/arm-gnu-toolchain-14.3.rel1-mingw-w64-x86_64-arm-none-eabi/bin/../lib/gcc/arm-none-eabi/14.3.1/../../../../arm-none-eabi/lib/thumb/v7e-m+fp/hard\libc_nano.a(libc_a-findfp.o)
__lock___tz_mutex                                 C:/Program Files/arm-gnu-toolchain-14.3.rel1-mingw-w64-x86_64-arm-none-eabi/bin/../lib/gcc/arm-none-eabi/14.3.1/../../../../arm-none-eabi/lib/thumb/v7e-m+fp/hard\libc_nano.a(libc_a-lock.o)
__malloc_free_list                                C:/Program Files/arm-gnu-toolchain-14.3.rel1-mingw-w64-x86_64-arm-none-eabi/bin/../lib/gcc/arm-none-eabi/14.3.1/../../../../arm-none-eabi/lib/thumb/v7e-m+fp/hard\libc_nano.a(libc_a-mallocr.o)
                                                  C:/Program Files/arm-gnu-toolchain-14.3.rel1-mingw-w64-x86_64-arm-none-eabi/bin/../lib/gcc/arm-none-eabi/14.3.1/../../../../arm-none-eabi/lib/thumb/v7e-m+fp/hard\libc_nano.a(libc_a-freer.o)
__malloc_lock                                     C:/Program Files/arm-gnu-toolchain-14.3.rel1-mingw-w64-x86_64-arm-none-eabi/bin/../lib/gcc/arm-none-eabi/14.3.1/../../../../arm-none-eabi/lib/thumb/v7e-m+fp/hard\libc_nano.a(libc_a-mlock.o)
                                                  C:/Program Files/arm-gnu-toolchain-14.3.rel1-mingw-w64-x86_64-arm-none-eabi/bin/../lib/gcc/arm-none-eabi/14.3.1/../../../../arm-none-eabi/lib/thumb/v7e-m+fp/hard\libc_nano.a(libc_a-mallocr.o)
                                                  C:/Program Files/arm-gnu-toolchain-14.3.rel1-mingw-w64-x86_64-arm-none-eabi/bin/../lib/gcc/arm-none-eabi/14.3.1/../../../../arm-none-eabi/lib/thumb/v7e-m+fp/hard\libc_nano.a(libc_a-freer.o)
__malloc_sbrk_start                               C:/Program Files/arm-gnu-toolchain-14.3.rel1-mingw-w64-x86_64-arm-none-eabi/bin/../lib/gcc/arm-none-eabi/14.3.1/../../../../arm-none-eabi/lib/thumb/v7e-m+fp/hard\libc_nano.a(libc_a-mallocr.o)
__malloc_unlock                                   C:/Program Files/arm-gnu-toolchain-14.3.rel1-mingw-w64-x86_64-arm-none-eabi/bin/../lib/gcc/arm-none-eabi/14.3.1/../../../../arm-none-eabi/lib/thumb/v7e-m+fp/hard\libc_nano.a(libc_a-mlock.o)
                                                  C:/Program Files/arm-gnu-toolchain-14.3.rel1-mingw-w64-x86_64-arm-none-eabi/bin/../lib/gcc/arm-none-eabi/14.3.1/../../../../arm-none-eabi/lib/thumb/v7e-m+fp/hard\libc_nano.a(libc_a-mallocr.o)
                                                  C:/Program Files/arm-gnu-toolchain-14.3.rel1-mingw-w64-x86_64-arm-none-eabi/bin/../lib/gcc/arm-none-eabi/14.3.1/../../../../arm-none-eabi/lib/thumb/v7e-m+fp/hard\libc_nano.a(libc_a-freer.o)
__preinit_array_end                               C:/Program Files/arm-gnu-toolchain-14.3.rel1-mingw-w64-x86_64-arm-none-eabi/bin/../lib/gcc/arm-none-eabi/14.3.1/../../../../arm-none-eabi/lib/thumb/v7e-m+fp/hard\libc_nano.a(libc_a-init.o)
__preinit_array_start                             C:/Program Files/arm-gnu-toolchain-14.3.rel1-mingw-w64-x86_64-arm-none-eabi/bin/../lib/gcc/arm-none-eabi/14.3.1/../../../../arm-none-eabi/lib/thumb/v7e-m+fp/hard\libc_nano.a(libc_a-init.o)
__register_frame_info                             C:/Program Files/arm-gnu-toolchain-14.3.rel1-mingw-w64-x86_64-arm-none-eabi/bin/../lib/gcc/arm-none-eabi/14.3.1/thumb/v7e-m+fp/hard/crtbegin.o
__retarget_lock_acquire                           C:/Program Files/arm-gnu-toolchain-14.3.rel1-mingw-w64-x86_64-arm-none-eabi/bin/../lib/gcc/arm-none-eabi/14.3.1/../../../../arm-none-eabi/lib/thumb/v7e-m+fp/hard\libc_nano.a(libc_a-lock.o)
__retarget_lock_acquire_recursive                 C:/Program Files/arm-gnu-toolchain-14.3.rel1-mingw-w64-x86_64-arm-none-eabi/bin/../lib/gcc/arm-none-eabi/14.3.1/../../../../arm-none-eabi/lib/thumb/v7e-m+fp/hard\libc_nano.a(libc_a-lock.o)
                                                  C:/Program Files/arm-gnu-toolchain-14.3.rel1-mingw-w64-x86_64-arm-none-eabi/bin/../lib/gcc/arm-none-eabi/14.3.1/../../../../arm-none-eabi/lib/thumb/v7e-m+fp/hard\libc_nano.a(libc_a-fflush.o)
                                                  C:/Program Files/arm-gnu-toolchain-14.3.rel1-mingw-w64-x86_64-arm-none-eabi/bin/../lib/gcc/arm-none-eabi/14.3.1/../../../../arm-none-eabi/lib/thumb/v7e-m+fp/hard\libc_nano.a(libc_a-mlock.o)
                                                  C:/Program Files/arm-gnu-toolchain-14.3.rel1-mingw-w64-x86_64-arm-none-eabi/bin/../lib/gcc/arm-none-eabi/14.3.1/../../../../arm-none-eabi/lib/thumb/v7e-m+fp/hard\libc_nano.a(libc_a-findfp.o)
__retarget_lock_close                             C:/Program Files/arm-gnu-toolchain-14.3.rel1-mingw-w64-x86_64-arm-none-eabi/bin/../lib/gcc/arm-none-eabi/14.3.1/../../../../arm-none-eabi/lib/thumb/v7e-m+fp/hard\libc_nano.a(libc_a-lock.o)
__retarget_lock_close_recursive                   C:/Program Files/arm-gnu-toolchain-14.3.rel1-mingw-w64-x86_64-arm-none-eabi/bin/../lib/gcc/arm-none-eabi/14.3.1/../../../../arm-none-eabi/lib/thumb/v7e-m+fp/hard\libc_nano.a(libc_a-lock.o)
__retarget_lock_init                              C:/Program Files/arm-gnu-toolchain-14.3.rel1-mingw-w64-x86_64-arm-none-eabi/bin/../lib/gcc/arm-none-eabi/14.3.1/../../../../arm-none-eabi/lib/thumb/v7e-m+fp/hard\libc_nano.a(libc_a-lock.o)
__retarget_lock_init_recursive                    C:/Program Files/arm-gnu-toolchain-14.3.rel1-mingw-w64-x86_64-arm-none-eabi/bin/../lib/gcc/arm-none-eabi/14.3.1/../../../../arm-none-eabi/lib/thumb/v7e-m+fp/hard\libc_nano.a(libc_a-lock.o)
                                                  C:/Program Files/arm-gnu-toolchain-14.3.rel1-mingw-w64-x86_64-arm-none-eabi/bin/../lib/gcc/arm-none-eabi/14.3.1/../../../../arm-none-eabi/lib/thumb/v7e-m+fp/hard\libc_nano.a(libc_a-findfp.o)
__retarget_lock_release                           C:/Program Files/arm-gnu-toolchain-14.3.rel1-mingw-w64-x86_64-arm-none-eabi/bin/../lib/gcc/arm-none-eabi/14.3.1/../../../../arm-none-eabi/lib/thumb/v7e-m+fp/hard\libc_nano.a(libc_a-lock.o)
__retarget_lock_release_recursive                 C:/Program Files/arm-gnu-toolchain-14.3.rel1-mingw-w64-x86_64-arm-none-eabi/bin/../lib/gcc/arm-none-eabi/14.3.1/../../../../arm-none-eabi/lib/thumb/v7e-m+fp/hard\libc_nano.a(libc_a-lock.o)
                                                  C:/Program Files/arm-gnu-toolchain-14.3.rel1-mingw-w64-x86_64-arm-none-eabi/bin/../lib/gcc/arm-none-eabi/14.3.1/../../../../arm-none-eabi/lib/thumb/v7e-m+fp/hard\libc_nano.a(libc_a-fflush.o)
                                                  C:/Program Files/arm-gnu-toolchain-14.3.rel1-mingw-w64-x86_64-arm-none-eabi/bin/../lib/gcc/arm-none-eabi/14.3.1/../../../../arm-none-eabi/lib/thumb/v7e-m+fp/hard\libc_nano.a(libc_a-mlock.o)
                                                  C:/Program Files/arm-gnu-toolchain-14.3.rel1-mingw-w64-x86_64-arm-none-eabi/bin/../lib/gcc/arm-none-eabi/14.3.1/../../../../arm-none-eabi/lib/thumb/v7e-m+fp/hard\libc_nano.a(libc_a-findfp.o)
__retarget_lock_try_acquire                       C:/Program Files/arm-gnu-toolchain-14.3.rel1-mingw-w64-x86_64-arm-none-eabi/bin/../lib/gcc/arm-none-eabi/14.3.1/../../../../arm-none-eabi/lib/thumb/v7e-m+fp/hard\libc_nano.a(libc_a-lock.o)
__retarget_lock_try_acquire_recursive             C:/Program Files/arm-gnu-toolchain-14.3.rel1-mingw-w64-x86_64-arm-none-eabi/bin/../lib/gcc/arm-none-eabi/14.3.1/../../../../arm-none-eabi/lib/thumb/v7e-m+fp/hard\libc_nano.a(libc_a-lock.o)
__sclose                                          C:/Program Files/arm-gnu-toolchain-14.3.rel1-mingw-w64-x86_64-arm-none-eabi/bin/../lib/gcc/arm-none-eabi/14.3.1/../../../../arm-none-eabi/lib/thumb/v7e-m+fp/hard\libc_nano.a(libc_a-stdio.o)
                                                  C:/Program Files/arm-gnu-toolchain-14.3.rel1-mingw-w64-x86_64-arm-none-eabi/bin/../lib/gcc/arm-none-eabi/14.3.1/../../../../arm-none-eabi/lib/thumb/v7e-m+fp/hard\libc_nano.a(libc_a-findfp.o)
__seofread                                        C:/Program Files/arm-gnu-toolchain-14.3.rel1-mingw-w64-x86_64-arm-none-eabi/bin/../lib/gcc/arm-none-eabi/14.3.1/../../../../arm-none-eabi/lib/thumb/v7e-m+fp/hard\libc_nano.a(libc_a-stdio.o)
__sf                                              C:/Program Files/arm-gnu-toolchain-14.3.rel1-mingw-w64-x86_64-arm-none-eabi/bin/../lib/gcc/arm-none-eabi/14.3.1/../../../../arm-none-eabi/lib/thumb/v7e-m+fp/hard\libc_nano.a(libc_a-findfp.o)
                                                  C:/Program Files/arm-gnu-toolchain-14.3.rel1-mingw-w64-x86_64-arm-none-eabi/bin/../lib/gcc/arm-none-eabi/14.3.1/../../../../arm-none-eabi/lib/thumb/v7e-m+fp/hard\libc_nano.a(libc_a-impure.o)
__sflush_r                                        C:/Program Files/arm-gnu-toolchain-14.3.rel1-mingw-w64-x86_64-arm-none-eabi/bin/../lib/gcc/arm-none-eabi/14.3.1/../../../../arm-none-eabi/lib/thumb/v7e-m+fp/hard\libc_nano.a(libc_a-fflush.o)
__sfp                                             C:/Program Files/arm-gnu-toolchain-14.3.rel1-mingw-w64-x86_64-arm-none-eabi/bin/../lib/gcc/arm-none-eabi/14.3.1/../../../../arm-none-eabi/lib/thumb/v7e-m+fp/hard\libc_nano.a(libc_a-findfp.o)
__sfp_lock_acquire                                C:/Program Files/arm-gnu-toolchain-14.3.rel1-mingw-w64-x86_64-arm-none-eabi/bin/../lib/gcc/arm-none-eabi/14.3.1/../../../../arm-none-eabi/lib/thumb/v7e-m+fp/hard\libc_nano.a(libc_a-findfp.o)
__sfp_lock_release                                C:/Program Files/arm-gnu-toolchain-14.3.rel1-mingw-w64-x86_64-arm-none-eabi/bin/../lib/gcc/arm-none-eabi/14.3.1/../../../../arm-none-eabi/lib/thumb/v7e-m+fp/hard\libc_nano.a(libc_a-findfp.o)
__sglue                                           C:/Program Files/arm-gnu-toolchain-14.3.rel1-mingw-w64-x86_64-arm-none-eabi/bin/../lib/gcc/arm-none-eabi/14.3.1/../../../../arm-none-eabi/lib/thumb/v7e-m+fp/hard\libc_nano.a(libc_a-findfp.o)
                                                  C:/Program Files/arm-gnu-toolchain-14.3.rel1-mingw-w64-x86_64-arm-none-eabi/bin/../lib/gcc/arm-none-eabi/14.3.1/../../../../arm-none-eabi/lib/thumb/v7e-m+fp/hard\libc_nano.a(libc_a-fflush.o)
__sinit                                           C:/Program Files/arm-gnu-toolchain-14.3.rel1-mingw-w64-x86_64-arm-none-eabi/bin/../lib/gcc/arm-none-eabi/14.3.1/../../../../arm-none-eabi/lib/thumb/v7e-m+fp/hard\libc_nano.a(libc_a-findfp.o)
                                                  C:/Program Files/arm-gnu-toolchain-14.3.rel1-mingw-w64-x86_64-arm-none-eabi/bin/../lib/gcc/arm-none-eabi/14.3.1/../../../../arm-none-eabi/lib/thumb/v7e-m+fp/hard\libc_nano.a(libc_a-fflush.o)
__sread                                           C:/Program Files/arm-gnu-toolchain-14.3.rel1-mingw-w64-x86_64-arm-none-eabi/bin/../lib/gcc/arm-none-eabi/14.3.1/../../../../arm-none-eabi/lib/thumb/v7e-m+fp/hard\libc_nano.a(libc_a-stdio.o)
                                                  C:/Program Files/arm-gnu-toolchain-14.3.rel1-mingw-w64-x86_64-arm-none-eabi/bin/../lib/gcc/arm-none-eabi/14.3.1/../../../../arm-none-eabi/lib/thumb/v7e-m+fp/hard\libc_nano.a(libc_a-findfp.o)
__sseek                                           C:/Program Files/arm-gnu-toolchain-14.3.rel1-mingw-w64-x86_64-arm-none-eabi/bin/../lib/gcc/arm-none-eabi/14.3.1/../../../../arm-none-eabi/lib/thumb/v7e-m+fp/hard\libc_nano.a(libc_a-stdio.o)
                                                  C:/Program Files/arm-gnu-toolchain-14.3.rel1-mingw-w64-x86_64-arm-none-eabi/bin/../lib/gcc/arm-none-eabi/14.3.1/../../../../arm-none-eabi/lib/thumb/v7e-m+fp/hard\libc_nano.a(libc_a-findfp.o)
__stack                                           C:/Program Files/arm-gnu-toolchain-14.3.rel1-mingw-w64-x86_64-arm-none-eabi/bin/../lib/gcc/arm-none-eabi/14.3.1/../../../../arm-none-eabi/lib/thumb/v7e-m+fp/hard/crt0.o
__stdio_exit_handler                              C:/Program Files/arm-gnu-toolchain-14.3.rel1-mingw-w64-x86_64-arm-none-eabi/bin/../lib/gcc/arm-none-eabi/14.3.1/../../../../arm-none-eabi/lib/thumb/v7e-m+fp/hard\libc_nano.a(libc_a-findfp.o)
                                                  C:/Program Files/arm-gnu-toolchain-14.3.rel1-mingw-w64-x86_64-arm-none-eabi/bin/../lib/gcc/arm-none-eabi/14.3.1/../../../../arm-none-eabi/lib/thumb/v7e-m+fp/hard\libc_nano.a(libc_a-exit.o)
__swrite                                          C:/Program Files/arm-gnu-toolchain-14.3.rel1-mingw-w64-x86_64-arm-none-eabi/bin/../lib/gcc/arm-none-eabi/14.3.1/../../../../arm-none-eabi/lib/thumb/v7e-m+fp/hard\libc_nano.a(libc_a-stdio.o)
                                                  C:/Program Files/arm-gnu-toolchain-14.3.rel1-mingw-w64-x86_64-arm-none-eabi/bin/../lib/gcc/arm-none-eabi/14.3.1/../../../../arm-none-eabi/lib/thumb/v7e-m+fp/hard\libc_nano.a(libc_a-findfp.o)
_close                                            C:/Program Files/arm-gnu-toolchain-14.3.rel1-mingw-w64-x86_64-arm-none-eabi/bin/../lib/gcc/arm-none-eabi/14.3.1/../../../../arm-none-eabi/lib/thumb/v7e-m+fp/hard\libnosys.a(close.o)
                                                  C:/Program Files/arm-gnu-toolchain-14.3.rel1-mingw-w64-x86_64-arm-none-eabi/bin/../lib/gcc/arm-none-eabi/14.3.1/../../../../arm-none-eabi/lib/thumb/v7e-m+fp/hard\libc_nano.a(libc_a-closer.o)
_close_r                                          C:/Program Files/arm-gnu-toolchain-14.3.rel1-mingw-w64-x86_64-arm-none-eabi/bin/../lib/gcc/arm-none-eabi/14.3.1/../../../../arm-none-eabi/lib/thumb/v7e-m+fp/hard\libc_nano.a(libc_a-closer.o)
                                                  C:/Program Files/arm-gnu-toolchain-14.3.rel1-mingw-w64-x86_64-arm-none-eabi/bin/../lib/gcc/arm-none-eabi/14.3.1/../../../../arm-none-eabi/lib/thumb/v7e-m+fp/hard\libc_nano.a(libc_a-stdio.o)
_ebss                                             build/startup_stm32l452xx.o
_edata                                            build/startup_stm32l452xx.o
_estack                                           build/startup_stm32l452xx.o
_exit                                             C:/Program Files/arm-gnu-toolchain-14.3.rel1-mingw-w64-x86_64-arm-none-eabi/bin/../lib/gcc/arm-none-eabi/14.3.1/../../../../arm-none-eabi/lib/thumb/v7e-m+fp/hard\libnosys.a(_exit.o)
                                                  C:/Program Files/arm-gnu-toolchain-14.3.rel1-mingw-w64-x86_64-arm-none-eabi/bin/../lib/gcc/arm-none-eabi/14.3.1/../../../../arm-none-eabi/lib/thumb/v7e-m+fp/hard\libc_nano.a(libc_a-exit.o)
_fflush_r                                         C:/Program Files/arm-gnu-toolchain-14.3.rel1-mingw-w64-x86_64-arm-none-eabi/bin/../lib/gcc/arm-none-eabi/14.3.1/../../../../arm-none-eabi/lib/thumb/v7e-m+fp/hard\libc_nano.a(libc_a-fflush.o)
                                                  C:/Program Files/arm-gnu-toolchain-14.3.rel1-mingw-w64-x86_64-arm-none-eabi/bin/../lib/gcc/arm-none-eabi/14.3.1/../../../../arm-none-eabi/lib/thumb/v7e-m+fp/hard\libc_nano.a(libc_a-findfp.o)
_fini                                             C:/Program Files/arm-gnu-toolchain-14.3.rel1-mingw-w64-x86_64-arm-none-eabi/bin/../lib/gcc/arm-none-eabi/14.3.1/thumb/v7e-m+fp/hard/crti.o
_free_r                                           C:/Program Files/arm-gnu-toolchain-14.3.rel1-mingw-w64-x86_64-arm-none-eabi/bin/../lib/gcc/arm-none-eabi/14.3.1/../../../../arm-none-eabi/lib/thumb/v7e-m+fp/hard\libc_nano.a(libc_a-freer.o)
                                                  C:/Program Files/arm-gnu-toolchain-14.3.rel1-mingw-w64-x86_64-arm-none-eabi/bin/../lib/gcc/arm-none-eabi/14.3.1/../../../../arm-none-eabi/lib/thumb/v7e-m+fp/hard\libc_nano.a(libc_a-fflush.o)
                                                  C:/Program Files/arm-gnu-toolchain-14.3.rel1-mingw-w64-x86_64-arm-none-eabi/bin/../lib/gcc/arm-none-eabi/14.3.1/../../../../arm-none-eabi/lib/thumb/v7e-m+fp/hard\libc_nano.a(libc_a-reent.o)
_fwalk_sglue                                      C:/Program Files/arm-gnu-toolchain-14.3.rel1-mingw-w64-x86_64-arm-none-eabi/bin/../lib/gcc/arm-none-eabi/14.3.1/../../../../arm-none-eabi/lib/thumb/v7e-m+fp/hard\libc_nano.a(libc_a-fwalk.o)
                                                  C:/Program Files/arm-gnu-toolchain-14.3.rel1-mingw-w64-x86_64-arm-none-eabi/bin/../lib/gcc/arm-none-eabi/14.3.1/../../../../arm-none-eabi/lib/thumb/v7e-m+fp/hard\libc_nano.a(libc_a-fflush.o)
                                                  C:/Program Files/arm-gnu-toolchain-14.3.rel1-mingw-w64-x86_64-arm-none-eabi/bin/../lib/gcc/arm-none-eabi/14.3.1/../../../../arm-none-eabi/lib/thumb/v7e-m+fp/hard\libc_nano.a(libc_a-findfp.o)
_impure_data                                      C:/Program Files/arm-gnu-toolchain-14.3.rel1-mingw-w64-x86_64-arm-none-eabi/bin/../lib/gcc/arm-none-eabi/14.3.1/../../../../arm-none-eabi/lib/thumb/v7e-m+fp/hard\libc_nano.a(libc_a-impure.o)
                                                  C:/Program Files/arm-gnu-toolchain-14.3.rel1-mingw-w64-x86_64-arm-none-eabi/bin/../lib/gcc/arm-none-eabi/14.3.1/../../../../arm-none-eabi/lib/thumb/v7e-m+fp/hard\libc_nano.a(libc_a-fflush.o)
                                                  C:/Program Files/arm-gnu-toolchain-14.3.rel1-mingw-w64-x86_64-arm-none-eabi/bin/../lib/gcc/arm-none-eabi/14.3.1/../../../../arm-none-eabi/lib/thumb/v7e-m+fp/hard\libc_nano.a(libc_a-findfp.o)
_impure_ptr                                       C:/Program Files/arm-gnu-toolchain-14.3.rel1-mingw-w64-x86_64-arm-none-eabi/bin/../lib/gcc/arm-none-eabi/14.3.1/../../../../arm-none-eabi/lib/thumb/v7e-m+fp/hard\libc_nano.a(libc_a-impure.o)
                                                  C:/Program Files/arm-gnu-toolchain-14.3.rel1-mingw-w64-x86_64-arm-none-eabi/bin/../lib/gcc/arm-none-eabi/14.3.1/../../../../arm-none-eabi/lib/thumb/v7e-m+fp/hard\libc_nano.a(libc_a-fflush.o)
                                                  C:/Program Files/arm-gnu-toolchain-14.3.rel1-mingw-w64-x86_64-arm-none-eabi/bin/../lib/gcc/arm-none-eabi/14.3.1/../../../../arm-none-eabi/lib/thumb/v7e-m+fp/hard\libc_nano.a(libc_a-reent.o)
_init                                             C:/Program Files/arm-gnu-toolchain-14.3.rel1-mingw-w64-x86_64-arm-none-eabi/bin/../lib/gcc/arm-none-eabi/14.3.1/thumb/v7e-m+fp/hard/crti.o
                                                  C:/Program Files/arm-gnu-toolchain-14.3.rel1-mingw-w64-x86_64-arm-none-eabi/bin/../lib/gcc/arm-none-eabi/14.3.1/../../../../arm-none-eabi/lib/thumb/v7e-m+fp/hard\libc_nano.a(libc_a-init.o)
_lseek                                            C:/Program Files/arm-gnu-toolchain-14.3.rel1-mingw-w64-x86_64-arm-none-eabi/bin/../lib/gcc/arm-none-eabi/14.3.1/../../../../arm-none-eabi/lib/thumb/v7e-m+fp/hard\libnosys.a(lseek.o)
                                                  C:/Program Files/arm-gnu-toolchain-14.3.rel1-mingw-w64-x86_64-arm-none-eabi/bin/../lib/gcc/arm-none-eabi/14.3.1/../../../../arm-none-eabi/lib/thumb/v7e-m+fp/hard\libc_nano.a(libc_a-lseekr.o)
_lseek_r                                          C:/Program Files/arm-gnu-toolchain-14.3.rel1-mingw-w64-x86_64-arm-none-eabi/bin/../lib/gcc/arm-none-eabi/14.3.1/../../../../arm-none-eabi/lib/thumb/v7e-m+fp/hard\libc_nano.a(libc_a-lseekr.o)
                                                  C:/Program Files/arm-gnu-toolchain-14.3.rel1-mingw-w64-x86_64-arm-none-eabi/bin/../lib/gcc/arm-none-eabi/14.3.1/../../../../arm-none-eabi/lib/thumb/v7e-m+fp/hard\libc_nano.a(libc_a-stdio.o)
_mainCRTStartup                                   C:/Program Files/arm-gnu-toolchain-14.3.rel1-mingw-w64-x86_64-arm-none-eabi/bin/../lib/gcc/arm-none-eabi/14.3.1/../../../../arm-none-eabi/lib/thumb/v7e-m+fp/hard/crt0.o
_malloc_r                                         C:/Program Files/arm-gnu-toolchain-14.3.rel1-mingw-w64-x86_64-arm-none-eabi/bin/../lib/gcc/arm-none-eabi/14.3.1/../../../../arm-none-eabi/lib/thumb/v7e-m+fp/hard\libc_nano.a(libc_a-mallocr.o)
                                                  C:/Program Files/arm-gnu-toolchain-14.3.rel1-mingw-w64-x86_64-arm-none-eabi/bin/../lib/gcc/arm-none-eabi/14.3.1/../../../../arm-none-eabi/lib/thumb/v7e-m+fp/hard\libc_nano.a(libc_a-findfp.o)
_read                                             C:/Program Files/arm-gnu-toolchain-14.3.rel1-mingw-w64-x86_64-arm-none-eabi/bin/../lib/gcc/arm-none-eabi/14.3.1/../../../../arm-none-eabi/lib/thumb/v7e-m+fp/hard\libnosys.a(read.o)
                                                  C:/Program Files/arm-gnu-toolchain-14.3.rel1-mingw-w64-x86_64-arm-none-eabi/bin/../lib/gcc/arm-none-eabi/14.3.1/../../../../arm-none-eabi/lib/thumb/v7e-m+fp/hard\libc_nano.a(libc_a-readr.o)
_read_r                                           C:/Program Files/arm-gnu-toolchain-14.3.rel1-mingw-w64-x86_64-arm-none-eabi/bin/../lib/gcc/arm-none-eabi/14.3.1/../../../../arm-none-eabi/lib/thumb/v7e-m+fp/hard\libc_nano.a(libc_a-readr.o)
                                                  C:/Program Files/arm-gnu-toolchain-14.3.rel1-mingw-w64-x86_64-arm-none-eabi/bin/../lib/gcc/arm-none-eabi/14.3.1/../../../../arm-none-eabi/lib/thumb/v7e-m+fp/hard\libc_nano.a(libc_a-stdio.o)
_reclaim_reent                                    C:/Program Files/arm-gnu-toolchain-14.3.rel1-mingw-w64-x86_64-arm-none-eabi/bin/../lib/gcc/arm-none-eabi/14.3.1/../../../../arm-none-eabi/lib/thumb/v7e-m+fp/hard\libc_nano.a(libc_a-reent.o)
_sbrk                                             C:/Program Files/arm-gnu-toolchain-14.3.rel1-mingw-w64-x86_64-arm-none-eabi/bin/../lib/gcc/arm-none-eabi/14.3.1/../../../../arm-none-eabi/lib/thumb/v7e-m+fp/hard\libnosys.a(sbrk.o)
                                                  C:/Program Files/arm-gnu-toolchain-14.3.rel1-mingw-w64-x86_64-arm-none-eabi/bin/../lib/gcc/arm-none-eabi/14.3.1/../../../../arm-none-eabi/lib/thumb/v7e-m+fp/hard\libc_nano.a(libc_a-sbrkr.o)
_sbrk_r                                           C:/Program Files/arm-gnu-toolchain-14.3.rel1-mingw-w64-x86_64-arm-none-eabi/bin/../lib/gcc/arm-none-eabi/14.3.1/../../../../arm-none-eabi/lib/thumb/v7e-m+fp/hard\libc_nano.a(libc_a-sbrkr.o)
                                                  C:/Program Files/arm-gnu-toolchain-14.3.rel1-mingw-w64-x86_64-arm-none-eabi/bin/../lib/gcc/arm-none-eabi/14.3.1/../../../../arm-none-eabi/lib/thumb/v7e-m+fp/hard\libc_nano.a(libc_a-mallocr.o)
_sbss                                             build/startup_stm32l452xx.o
_sdata                                            build/startup_stm32l452xx.o
_sidata                                           build/startup_stm32l452xx.o
_stack_init                                       C:/Program Files/arm-gnu-toolchain-14.3.rel1-mingw-w64-x86_64-arm-none-eabi/bin/../lib/gcc/arm-none-eabi/14.3.1/../../../../arm-none-eabi/lib/thumb/v7e-m+fp/hard/crt0.o
_start                                            C:/Program Files/arm-gnu-toolchain-14.3.rel1-mingw-w64-x86_64-arm-none-eabi/bin/../lib/gcc/arm-none-eabi/14.3.1/../../../../arm-none-eabi/lib/thumb/v7e-m+fp/hard/crt0.o
_write                                            C:/Program Files/arm-gnu-toolchain-14.3.rel1-mingw-w64-x86_64-arm-none-eabi/bin/../lib/gcc/arm-none-eabi/14.3.1/../../../../arm-none-eabi/lib/thumb/v7e-m+fp/hard\libnosys.a(write.o)
                                                  C:/Program Files/arm-gnu-toolchain-14.3.rel1-mingw-w64-x86_64-arm-none-eabi/bin/../lib/gcc/arm-none-eabi/14.3.1/../../../../arm-none-eabi/lib/thumb/v7e-m+fp/hard\libc_nano.a(libc_a-writer.o)
_write_r                                          C:/Program Files/arm-gnu-toolchain-14.3.rel1-mingw-w64-x86_64-arm-none-eabi/bin/../lib/gcc/arm-none-eabi/14.3.1/../../../../arm-none-eabi/lib/thumb/v7e-m+fp/hard\libc_nano.a(libc_a-writer.o)
                                                  C:/Program Files/arm-gnu-toolchain-14.3.rel1-mingw-w64-x86_64-arm-none-eabi/bin/../lib/gcc/arm-none-eabi/14.3.1/../../../../arm-none-eabi/lib/thumb/v7e-m+fp/hard\libc_nano.a(libc_a-stdio.o)
atexit                                            C:/Program Files/arm-gnu-toolchain-14.3.rel1-mingw-w64-x86_64-arm-none-eabi/bin/../lib/gcc/arm-none-eabi/14.3.1/../../../../arm-none-eabi/lib/thumb/v7e-m+fp/hard/crt0.o
delay_ms                                          build/clock.o
                                                  build/icm20948.o
                                                  build/drv8833.o
                                                  build/main.o
delay_us                                          build/clock.o
                                                  build/lm34.o
end                                               C:/Program Files/arm-gnu-toolchain-14.3.rel1-mingw-w64-x86_64-arm-none-eabi/bin/../lib/gcc/arm-none-eabi/14.3.1/../../../../arm-none-eabi/lib/thumb/v7e-m+fp/hard\libnosys.a(sbrk.o)
errno                                             C:/Program Files/arm-gnu-toolchain-14.3.rel1-mingw-w64-x86_64-arm-none-eabi/bin/../lib/gcc/arm-none-eabi/14.3.1/../../../../arm-none-eabi/lib/thumb/v7e-m+fp/hard\libc_nano.a(libc_a-reent.o)
                                                  C:/Program Files/arm-gnu-toolchain-14.3.rel1-mingw-w64-x86_64-arm-none-eabi/bin/../lib/gcc/arm-none-eabi/14.3.1/../../../../arm-none-eabi/lib/thumb/v7e-m+fp/hard\libnosys.a(write.o)
                                                  C:/Program Files/arm-gnu-toolchain-14.3.rel1-mingw-w64-x86_64-arm-none-eabi/bin/../lib/gcc/arm-none-eabi/14.3.1/../../../../arm-none-eabi/lib/thumb/v7e-m+fp/hard\libnosys.a(read.o)
                                                  C:/Program Files/arm-gnu-toolchain-14.3.rel1-mingw-w64-x86_64-arm-none-eabi/bin/../lib/gcc/arm-none-eabi/14.3.1/../../../../arm-none-eabi/lib/thumb/v7e-m+fp/hard\libnosys.a(lseek.o)
                                                  C:/Program Files/arm-gnu-toolchain-14.3.rel1-mingw-w64-x86_64-arm-none-eabi/bin/../lib/gcc/arm-none-eabi/14.3.1/../../../../arm-none-eabi/lib/thumb/v7e-m+fp/hard\libnosys.a(close.o)
                                                  C:/Program Files/arm-gnu-toolchain-14.3.rel1-mingw-w64-x86_64-arm-none-eabi/bin/../lib/gcc/arm-none-eabi/14.3.1/../../../../arm-none-eabi/lib/thumb/v7e-m+fp/hard\libc_nano.a(libc_a-sbrkr.o)
                                                  C:/Program Files/arm-gnu-toolchain-14.3.rel1-mingw-w64-x86_64-arm-none-eabi/bin/../lib/gcc/arm-none-eabi/14.3.1/../../../../arm-none-eabi/lib/thumb/v7e-m+fp/hard\libc_nano.a(libc_a-writer.o)
                                                  C:/Program Files/arm-gnu-toolchain-14.3.rel1-mingw-w64-x86_64-arm-none-eabi/bin/../lib/gcc/arm-none-eabi/14.3.1/../../../../arm-none-eabi/lib/thumb/v7e-m+fp/hard\libc_nano.a(libc_a-readr.o)
                                                  C:/Program Files/arm-gnu-toolchain-14.3.rel1-mingw-w64-x86_64-arm-none-eabi/bin/../lib/gcc/arm-none-eabi/14.3.1/../../../../arm-none-eabi/lib/thumb/v7e-m+fp/hard\libc_nano.a(libc_a-lseekr.o)
                                                  C:/Program Files/arm-gnu-toolchain-14.3.rel1-mingw-w64-x86_64-arm-none-eabi/bin/../lib/gcc/arm-none-eabi/14.3.1/../../../../arm-none-eabi/lib/thumb/v7e-m+fp/hard\libc_nano.a(libc_a-closer.o)
exit                                              C:/Program Files/arm-gnu-toolchain-14.3.rel1-mingw-w64-x86_64-arm-none-eabi/bin/../lib/gcc/arm-none-eabi/14.3.1/../../../../arm-none-eabi/lib/thumb/v7e-m+fp/hard\libc_nano.a(libc_a-exit.o)
                                                  C:/Program Files/arm-gnu-toolchain-14.3.rel1-mingw-w64-x86_64-arm-none-eabi/bin/../lib/gcc/arm-none-eabi/14.3.1/../../../../arm-none-eabi/lib/thumb/v7e-m+fp/hard/crt0.o
fflush                                            C:/Program Files/arm-gnu-toolchain-14.3.rel1-mingw-w64-x86_64-arm-none-eabi/bin/../lib/gcc/arm-none-eabi/14.3.1/../../../../arm-none-eabi/lib/thumb/v7e-m+fp/hard\libc_nano.a(libc_a-fflush.o)
g_pfnVectors                                      build/startup_stm32l452xx.o
hardware_init_hook                                C:/Program Files/arm-gnu-toolchain-14.3.rel1-mingw-w64-x86_64-arm-none-eabi/bin/../lib/gcc/arm-none-eabi/14.3.1/../../../../arm-none-eabi/lib/thumb/v7e-m+fp/hard/crt0.o
main                                              build/main.o
                                                  build/startup_stm32l452xx.o
                                                  C:/Program Files/arm-gnu-toolchain-14.3.rel1-mingw-w64-x86_64-arm-none-eabi/bin/../lib/gcc/arm-none-eabi/14.3.1/../../../../arm-none-eabi/lib/thumb/v7e-m+fp/hard/crt0.o
memset                                            C:/Program Files/arm-gnu-toolchain-14.3.rel1-mingw-w64-x86_64-arm-none-eabi/bin/../lib/gcc/arm-none-eabi/14.3.1/../../../../arm-none-eabi/lib/thumb/v7e-m+fp/hard\libc_nano.a(libc_a-memset.o)
                                                  C:/Program Files/arm-gnu-toolchain-14.3.rel1-mingw-w64-x86_64-arm-none-eabi/bin/../lib/gcc/arm-none-eabi/14.3.1/../../../../arm-none-eabi/lib/thumb/v7e-m+fp/hard\libc_nano.a(libc_a-findfp.o)
                                                  C:/Program Files/arm-gnu-toolchain-14.3.rel1-mingw-w64-x86_64-arm-none-eabi/bin/../lib/gcc/arm-none-eabi/14.3.1/../../../../arm-none-eabi/lib/thumb/v7e-m+fp/hard/crt0.o
software_init_hook                                C:/Program Files/arm-gnu-toolchain-14.3.rel1-mingw-w64-x86_64-arm-none-eabi/bin/../lib/gcc/arm-none-eabi/14.3.1/../../../../arm-none-eabi/lib/thumb/v7e-m+fp/hard/crt0.o
